

                             _   _
                            (_) | |
      __ _   _ __   __   __  _  | |
     / _` | | '_ \  \ \ / / | | | |
    | (_| | | | | |  \ V /  | | | |
     \__,_| |_| |_|   \_/   |_| |_|

    1.8.3-Homebrew (cae51ad458 2026-09-15T09:58:25.000000000Z)
    https://github.com/foundry-rs/foundry

Available Accounts
==================

(0) 0xf39Fd6e51aad88F6F4ce6aB8827279cffFb92266 (10000.000000000000000000 ETH)
(1) 0x70997970C51812dc3A010C7d01b50e0d17dc79C8 (10000.000000000000000000 ETH)
(2) 0x3C44CdDdB6a900fa2b585dd299e03d12FA4293BC (10000.000000000000000000 ETH)
(3) 0x90F79bf6EB2c4f870365E785982E1f101E93b906 (10000.000000000000000000 ETH)
(4) 0x15d34AAf54267DB7D7c367839AAf71A00a2C6A65 (10000.000000000000000000 ETH)
(5) 0x9965507D1a55bcC2695C58ba16FB37d819B0A4dc (10000.000000000000000000 ETH)
(6) 0x976EA74026E726554dB657fA54763abd0C3a0aa9 (10000.000000000000000000 ETH)
(7) 0x14dC79964da2C08b23698B3D3cc7Ca32193d9955 (10000.000000000000000000 ETH)
(8) 0x23618e81E3f5cdF7f54C3d65f7FBc0aBf5B21E8f (10000.000000000000000000 ETH)
(9) 0xa0Ee7A142d267C1f36714E4a8F75612F20a79720 (10000.000000000000000000 ETH)

Private Keys
==================

(0) 0xac0974bec39a17e36ba4a6b4d238ff944bacb478cbed5efcae784d7bf4f2ff80
(1) 0x59c6995e998f97a5a0044966f0945389dc9e86dae88c7a8412f4603b6b78690d
(2) 0x5de4111afa1a4b94908f83103eb1f1706367c2e68ca870fc3fb9a804cdab365a
(3) 0x7c852118294e51e653712a81e05800f419141751be58f605c371e15141b007a6
(4) 0x47e179ec197488593b187f80a00eb0da91f1b9d0b13f8733639f19c30a34926a
(5) 0x8b3a350cf5c34c9194ca85829a2df0ec3153be0318b5e2d3348e872092edffba
(6) 0x92db14e403b83dfe3df233f83dfa3a0d7096f21ca9b0d6d6b8d88b2b4ec1564e
(7) 0x4bbbf85ce3377467afe5d46f804f221813b2bb87f24d81f60f1fcdbf7cbf4356
(8) 0xdbda1821b80551c9d65939329250298aa3472ba22feea921c0cf5d620ea67b97
(9) 0x2a871d0798f97d79848a013d4936a73bf4cc922c825d33c1cf7073dff6d409c6

Wallet
==================
Mnemonic:          test test test test test test test test test test test junk
Derivation path:   m/44'/60'/0'/0/


Chain ID
==================

31337

Base Fee
==================

1000000000

Gas Limit
==================

30000000

Genesis Timestamp
==================

1790331568

Genesis Number
==================

0

Listening on 127.0.0.1:8545
eth_blockNumber
eth_blockNumber
eth_chainId
anvil_nodeInfo
anvil_metadata
eth_chainId
anvil_nodeInfo
anvil_metadata
anvil_nodeInfo
anvil_metadata
eth_getBlockByNumber
anvil_nodeInfo
anvil_metadata
anvil_nodeInfo
anvil_metadata
eth_getTransactionCount
anvil_nodeInfo
anvil_metadata
anvil_nodeInfo
anvil_metadata
eth_getCode
anvil_nodeInfo
anvil_metadata
anvil_nodeInfo
anvil_metadata
eth_getBlockByHash
anvil_nodeInfo
anvil_metadata
eth_gasPrice
anvil_nodeInfo
anvil_metadata
anvil_nodeInfo
anvil_metadata
eth_getBlockByHash
anvil_nodeInfo
anvil_metadata
eth_getAccountInfo
eth_getBalance
eth_getTransactionCount
eth_getCode
eth_getAccountInfo
eth_getAccountInfo
eth_getAccountInfo
eth_getAccountInfo
eth_getAccountInfo
eth_getAccountInfo
anvil_nodeInfo
anvil_metadata
eth_getBlockByHash
anvil_nodeInfo
anvil_metadata
eth_gasPrice
anvil_nodeInfo
anvil_metadata
eth_feeHistory
eth_feeHistory
eth_sendRawTransaction
eth_sendRawTransaction
eth_getTransactionReceipt
eth_getTransactionReceipt
eth_blockNumber
eth_getTransactionReceipt
eth_getTransactionReceipt
eth_getBlockByNumber

    Transaction: 0x508a7a6828e0fd4f880822096bd8a65b6169bf8ed3c0b3fe7f4d862f9268e9c8
    Contract created: 0x5FbDB2315678afecb367f032d93F642f64180aa3
    Gas used: 1016151

    Transaction: 0x320daed55643a3b6f549e647e9cbd5ca195da43030d1213c19de806bdce9c325
    Contract created: 0xe7f1725E7734CE288F8367e1Bb143E90bb3F0512
    Gas used: 1877005

    Block Number: 1
    Block Hash: 0x413ae93700db639f304362bcad091e70b54e0cde9415a3cf4e71c2c9c98ff877
    Block Time: "Fri, 25 Sep 2026 10:19:35 +0000"

eth_blockNumber
eth_getTransactionReceipt
eth_getTransactionReceipt
eth_getBlockByNumber
eth_chainId
anvil_nodeInfo
anvil_metadata
eth_chainId
anvil_nodeInfo
anvil_metadata
anvil_nodeInfo
anvil_metadata
eth_getBlockByNumber
anvil_nodeInfo
anvil_metadata
anvil_nodeInfo
anvil_metadata
eth_getTransactionCount
anvil_nodeInfo
anvil_metadata
anvil_nodeInfo
anvil_metadata
eth_getCode
anvil_nodeInfo
anvil_metadata
anvil_nodeInfo
anvil_metadata
eth_getBlockByHash
anvil_nodeInfo
anvil_metadata
eth_gasPrice
anvil_nodeInfo
anvil_metadata
anvil_nodeInfo
anvil_metadata
eth_getBlockByHash
anvil_nodeInfo
anvil_metadata
eth_getTransactionCount
eth_getBalance
eth_getCode
eth_getAccountInfo
eth_getCode
eth_getBalance
eth_getTransactionCount
eth_getTransactionCount
eth_getCode
eth_getBalance
eth_getBalance
eth_getTransactionCount
eth_getCode
eth_getBalance
eth_getCode
eth_getTransactionCount
eth_getCode
eth_getTransactionCount
eth_getBalance
eth_getCode
eth_getTransactionCount
eth_getBalance
eth_getCode
eth_getTransactionCount
eth_getBalance
eth_getTransactionCount
eth_getCode
eth_getBalance
eth_getCode
eth_getBalance
eth_getTransactionCount
eth_getTransactionCount
eth_getCode
eth_getBalance
eth_getCode
eth_getTransactionCount
eth_getBalance
eth_getStorageAt
eth_getCode
eth_getTransactionCount
eth_getBalance
eth_getStorageAt
eth_getStorageAt
eth_getStorageAt
eth_getStorageAt
eth_getStorageAt
eth_getStorageAt
eth_getStorageAt
eth_getStorageAt
eth_getStorageAt
eth_getStorageAt
eth_getStorageAt
eth_getStorageAt
eth_getStorageAt
eth_getStorageAt
eth_getStorageAt
eth_getStorageAt
eth_getStorageAt
eth_getStorageAt
eth_getStorageAt
eth_getStorageAt
eth_getStorageAt
eth_getStorageAt
eth_getStorageAt
eth_getStorageAt
eth_getStorageAt
eth_getStorageAt
eth_getStorageAt
eth_getStorageAt
eth_getStorageAt
eth_getStorageAt
eth_getStorageAt
anvil_nodeInfo
anvil_metadata
eth_getBlockByHash
anvil_nodeInfo
anvil_metadata
eth_gasPrice
anvil_nodeInfo
anvil_metadata
eth_feeHistory
eth_feeHistory
eth_getTransactionCount
eth_sendRawTransaction
eth_getTransactionReceipt
eth_blockNumber
eth_getBlockByNumber
eth_getTransactionReceipt
eth_getBlockByNumber

    Transaction: 0xb01cc494dcd83428f3e09d1b8b64289b16ab6e437caf1fe69377e8e56e0aec0d
    Gas used: 77546

    Block Number: 2
    Block Hash: 0x6c9511ad601953dcac804f8cfb578effa9f25b7161c064a2862c11d2207f5e02
    Block Time: "Fri, 25 Sep 2026 10:19:36 +0000"

eth_blockNumber
eth_getTransactionReceipt
eth_getBlockByNumber
eth_getTransactionCount
eth_sendRawTransaction
eth_getTransactionReceipt
eth_getTransactionReceipt

    Transaction: 0x5e7c9137e37bd99ffea9effeacb881c18c029c25b697e9b576df9327583fa24b
    Gas used: 125301

    Block Number: 3
    Block Hash: 0xc6b708bb1c2612dac1798662ba608e6c380bb9a26ea25208636a74550a458d10
    Block Time: "Fri, 25 Sep 2026 10:19:36 +0000"

eth_blockNumber
eth_getBlockByNumber
eth_getBlockByNumber
eth_getTransactionReceipt
eth_getTransactionCount
eth_sendRawTransaction
eth_getTransactionReceipt
eth_getTransactionReceipt

    Transaction: 0x7aa1131bb6eeb0f56fe46a7ba39f7c64e5b9ab6872f407dc5395d18bdfaeff0d
    Gas used: 77657

    Block Number: 4
    Block Hash: 0xa1e8752e64f28b83bf58355ea704e0f89327b0d6c0c2acc99c90566070bb2c8c
    Block Time: "Fri, 25 Sep 2026 10:19:36 +0000"

eth_blockNumber
eth_getBlockByNumber
eth_getBlockByNumber
eth_getTransactionReceipt
eth_getTransactionCount
eth_sendRawTransaction
eth_getTransactionReceipt
eth_getTransactionReceipt

    Transaction: 0xf1cb5ffdc12631159aa45455fa6c6df1ca3907a3b1a17e24375aeafae0e62eb9
    Gas used: 77657

    Block Number: 5
    Block Hash: 0x5a7b66ebc245a4c6e959743d9ac9f24f430692124b675364397cd190ddbcd9a3
    Block Time: "Fri, 25 Sep 2026 10:19:37 +0000"

eth_blockNumber
eth_getBlockByNumber
eth_getBlockByNumber
eth_getTransactionReceipt
eth_getTransactionCount
eth_sendRawTransaction
eth_getTransactionReceipt
eth_getTransactionReceipt

    Transaction: 0x4f71083dadd73ecd09d887a9ff5849f3ab2f4ce562adfb5b2e389d8aed08cadd
    Gas used: 149464

    Block Number: 6
    Block Hash: 0xe24f4dba8327ad7489240ab417a3c2b5abc36f30567449e6ef900503d42c1fee
    Block Time: "Fri, 25 Sep 2026 10:19:37 +0000"

eth_blockNumber
eth_getBlockByNumber
eth_getBlockByNumber
eth_getTransactionReceipt
eth_getTransactionCount
eth_sendRawTransaction
eth_getTransactionReceipt
eth_getTransactionReceipt

    Transaction: 0x70ac10b6b363de5d369517fc8a1a1d17fad0d249909a7b971f047f9de8aadc6a
    Gas used: 62566

    Block Number: 7
    Block Hash: 0x5c47d17e620556b70f65f05cfa5299ba48b04cc152845e8e6d833b4b73e1da6d
    Block Time: "Fri, 25 Sep 2026 10:19:37 +0000"

eth_blockNumber
eth_getBlockByNumber
eth_getBlockByNumber
eth_getTransactionReceipt
eth_getTransactionCount
eth_sendRawTransaction
eth_getTransactionReceipt
eth_getTransactionReceipt

    Transaction: 0x7b91261fdc34dce785092d09ba34ed1deb0a00432fa28f337b9ab57b2292e349
    Gas used: 40791

    Block Number: 8
    Block Hash: 0x97270fe24dc0dbf44cd857173c76f838811665a9b092ba733063217f3b0ae9ee
    Block Time: "Fri, 25 Sep 2026 10:19:37 +0000"

eth_blockNumber
eth_getBlockByNumber
eth_getBlockByNumber
eth_getTransactionReceipt
eth_getTransactionCount
eth_sendRawTransaction
eth_getTransactionReceipt
eth_getTransactionReceipt

    Transaction: 0xb23c41523204fbd5055e704eef977f754e94c07028e945b85554d9c2cfb88b21
    Gas used: 67571

    Block Number: 9
    Block Hash: 0xf219711896236e3602f4b435b02353bb65cb53f396f9ef43b02290d824c3a1d2
    Block Time: "Fri, 25 Sep 2026 10:19:38 +0000"

eth_blockNumber
eth_getBlockByNumber
eth_getBlockByNumber
eth_getTransactionReceipt
eth_getTransactionCount
eth_sendRawTransaction
eth_getTransactionReceipt
eth_getTransactionReceipt

    Transaction: 0x57bf95b02fe9b3a247e90d5533dcbd6e78bba1828040063b70ae656ec59fa957
    Gas used: 54377

    Block Number: 10
    Block Hash: 0x8bb54f894e1ab530031470b1366ac2e803d54ac32f706775b7615ea2d4307eac
    Block Time: "Fri, 25 Sep 2026 10:19:38 +0000"

eth_blockNumber
eth_getBlockByNumber
eth_getBlockByNumber
eth_getTransactionReceipt
eth_getTransactionCount
eth_sendRawTransaction
eth_getTransactionReceipt
eth_getTransactionReceipt

    Transaction: 0x35d558ff77ff5456e4354b148f0aab2231ac07f9f96231ffac306d94281ce2c0
    Gas used: 97279

    Block Number: 11
    Block Hash: 0xc92aab45a8427e23dbfd84cdb498e1207d09d72300eb0c00d9d63c45fdef02a9
    Block Time: "Fri, 25 Sep 2026 10:19:38 +0000"

eth_blockNumber
eth_getBlockByNumber
eth_getBlockByNumber
eth_getTransactionReceipt
eth_chainId
eth_blockNumber
eth_call
eth_call
eth_call
eth_call
eth_call
eth_call
eth_call
eth_call
eth_call
eth_call
eth_call
eth_call
eth_call
eth_call
eth_call
eth_call
eth_getBlockByNumber
eth_call
